// Jest Snapshot v1, https://goo.gl/fbAQLP

exports[`should render without error 1`] = `
<View
  style={
    Object {
      "backgroundColor": "#fff",
      "flex": 1,
      "paddingHorizontal": 20,
    }
  }
>
  <View
    style={
      Object {
        "height": 250,
        "left": 0,
        "position": "absolute",
        "right": 0,
        "zIndex": 0,
      }
    }
  >
    <Image
      source={
        Object {
          "uri": "",
        }
      }
      style={
        Object {
          "flex": 1,
          "height": undefined,
          "width": undefined,
        }
      }
    />
    <View
      style={
        Object {
          "backgroundColor": "rgba(1, 34, 36, 1)",
          "height": "100%",
          "left": 0,
          "opacity": 0.4,
          "position": "absolute",
          "right": 0,
          "width": "100%",
        }
      }
    />
    <View
      style={
        Object {
          "bottom": -20,
          "left": 0,
          "position": "absolute",
          "right": 0,
        }
      }
    >
      <Text
        style={
          Object {
            "color": "#fff",
            "fontSize": 15,
            "fontWeight": "bold",
            "textAlign": "center",
          }
        }
      />
    </View>
  </View>
  <ActivityIndicator
    animating={true}
    color="#999999"
    hidesWhenStopped={true}
    size="large"
    style={
      Object {
        "marginTop": 50,
      }
    }
  />
  <RCTScrollView
    onScroll={[Function]}
    scrollEventThrottle={16}
    style={
      Object {
        "flex": 1,
      }
    }
  >
    <View>
      <View
        style={
          Object {
            "borderColor": "#fff",
            "borderRadius": 40,
            "borderWidth": 3,
            "height": 80,
            "marginTop": 210,
            "overflow": "hidden",
            "width": 80,
          }
        }
      >
        <Image
          source={
            Object {
              "uri": undefined,
            }
          }
          style={
            Object {
              "flex": 1,
              "height": undefined,
              "width": undefined,
            }
          }
        />
      </View>
      <Text
        style={
          Array [
            Object {
              "fontSize": 14,
              "marginTop": 2,
            },
            Object {
              "fontSize": 25,
              "fontWeight": "bold",
              "marginBottom": 10,
            },
          ]
        }
      />
      <View
        style={
          Object {
            "alignItems": "center",
            "flexDirection": "row",
            "marginBottom": 8,
          }
        }
      >
        <Text
          style={
            Object {
              "fontSize": 15,
              "fontWeight": "bold",
            }
          }
        >
          Gender: 
        </Text>
        <Text
          style={
            Object {
              "fontSize": 14,
              "marginTop": 2,
            }
          }
        />
      </View>
      <View
        style={
          Object {
            "alignItems": "center",
            "flexDirection": "row",
            "marginBottom": 8,
          }
        }
      >
        <Text
          style={
            Object {
              "fontSize": 15,
              "fontWeight": "bold",
            }
          }
        >
          Specie: 
        </Text>
        <Text
          style={
            Object {
              "fontSize": 14,
              "marginTop": 2,
            }
          }
        />
      </View>
      <Text
        style={
          Array [
            Object {
              "fontSize": 15,
              "fontWeight": "bold",
            },
          ]
        }
      >
        Episodes:
      </Text>
      <RCTScrollView
        contentContainerStyle={
          Object {
            "paddingBottom": 100,
          }
        }
        disableVirtualization={false}
        getItem={[Function]}
        getItemCount={[Function]}
        horizontal={false}
        initialNumToRender={10}
        keyExtractor={[Function]}
        maxToRenderPerBatch={10}
        onContentSizeChange={[Function]}
        onEndReachedThreshold={2}
        onLayout={[Function]}
        onMomentumScrollEnd={[Function]}
        onScroll={[Function]}
        onScrollBeginDrag={[Function]}
        onScrollEndDrag={[Function]}
        removeClippedSubviews={false}
        renderItem={[Function]}
        scrollEventThrottle={50}
        stickyHeaderIndices={Array []}
        updateCellsBatchingPeriod={50}
        viewabilityConfigCallbackPairs={Array []}
        windowSize={21}
      >
        <View />
      </RCTScrollView>
      <View
        style={
          Object {
            "height": 1000,
          }
        }
      />
    </View>
  </RCTScrollView>
</View>
`;
