// Jest Snapshot v1, https://goo.gl/fbAQLP

exports[`should render without error 1`] = `
<View
  style={
    Object {
      "backgroundColor": "#fff",
      "flex": 1,
      "paddingHorizontal": 20,
    }
  }
>
  <ActivityIndicator
    animating={true}
    color="#999999"
    hidesWhenStopped={true}
    size="large"
    style={
      Object {
        "marginTop": 50,
      }
    }
  />
</View>
`;
